V3 3
FL C:/Users/bakerw3779/FourBitALU/FourBitALU.vhd 2013/10/31.14:44:36 P.49d
EN work/FourBitALU 1383248900 FL C:/Users/bakerw3779/FourBitALU/FourBitALU.vhd \
      PB ieee/std_logic_1164 1354696159 PB ieee/NUMERIC_STD 1354696164
AR work/FourBitALU/Behavioral 1383248901 \
      FL C:/Users/bakerw3779/FourBitALU/FourBitALU.vhd EN work/FourBitALU 1383248900
